node.exe : [baseline-browser-mapping] The data in this module is over two 
months old.  To ensure accurate Baseline data, please update: `npm i 
baseline-browser-mapping@latest -D`
At line:1 char:1
+ & "C:\Program Files\nodejs/node.exe" "C:\Program Files\nodejs/node_mo ...
+ ~~~~~~~~~~~~~~~~~~~~~~~~~~~~~~~~~~~~~~~~~~~~~~~~~~~~~~~~~~~~~~~~~~~~~
    + CategoryInfo          : NotSpecified: ([baseline-brows...ping@latest -D` 
   :String) [], RemoteException
    + FullyQualifiedErrorId : NativeCommandError
 
   тЦ▓ Next.js 16.0.7 (Turbopack)
   - Environments: .env.local

 тЪа The "middleware" file convention is deprecated. Please use "proxy" 
instead. Learn more: https://nextjs.org/docs/messages/middleware-to-proxy
   Creating an optimized production build ...
[baseline-browser-mapping] The data in this module is over two months old.  To 
ensure accurate Baseline data, please update: `npm i 
baseline-browser-mapping@latest -D`
 тЬУ Compiled successfully in 7.6s
   Skipping validation of types
   Collecting page data using 15 workers ...
[baseline-browser-mapping] The data in this module is over two months old.  To 
ensure accurate Baseline data, please update: `npm i 
baseline-browser-mapping@latest -D`
[baseline-browser-mapping] The data in this module is over two months old.  To 
ensure accurate Baseline data, please update: `npm i 
baseline-browser-mapping@latest -D`
[baseline-browser-mapping] The data in this module is over two months old.  To 
ensure accurate Baseline data, please update: `npm i 
baseline-browser-mapping@latest -D`
[baseline-browser-mapping] The data in this module is over two months old.  To 
ensure accurate Baseline data, please update: `npm i 
baseline-browser-mapping@latest -D`
[baseline-browser-mapping] The data in this module is over two months old.  To 
ensure accurate Baseline data, please update: `npm i 
baseline-browser-mapping@latest -D`
[baseline-browser-mapping] The data in this module is over two months old.  To 
ensure accurate Baseline data, please update: `npm i 
baseline-browser-mapping@latest -D`
[baseline-browser-mapping] The data in this module is over two months old.  To 
ensure accurate Baseline data, please update: `npm i 
baseline-browser-mapping@latest -D`
[baseline-browser-mapping] The data in this module is over two months old.  To 
ensure accurate Baseline data, please update: `npm i 
baseline-browser-mapping@latest -D`
[baseline-browser-mapping] The data in this module is over two months old.  To 
ensure accurate Baseline data, please update: `npm i 
baseline-browser-mapping@latest -D`
[baseline-browser-mapping] The data in this module is over two months old.  To 
ensure accurate Baseline data, please update: `npm i 
baseline-browser-mapping@latest -D`
[baseline-browser-mapping] The data in this module is over two months old.  To 
ensure accurate Baseline data, please update: `npm i 
baseline-browser-mapping@latest -D`
[baseline-browser-mapping] The data in this module is over two months old.  To 
ensure accurate Baseline data, please update: `npm i 
baseline-browser-mapping@latest -D`
[baseline-browser-mapping] The data in this module is over two months old.  To 
ensure accurate Baseline data, please update: `npm i 
baseline-browser-mapping@latest -D`
[baseline-browser-mapping] The data in this module is over two months old.  To 
ensure accurate Baseline data, please update: `npm i 
baseline-browser-mapping@latest -D`
[baseline-browser-mapping] The data in this module is over two months old.  To 
ensure accurate Baseline data, please update: `npm i 
baseline-browser-mapping@latest -D`
   Generating static pages using 15 workers (0/22) ...
[baseline-browser-mapping] The data in this module is over two months old.  To 
ensure accurate Baseline data, please update: `npm i 
baseline-browser-mapping@latest -D`
   Generating static pages using 15 workers (5/22) 
   Generating static pages using 15 workers (10/22) 
   Generating static pages using 15 workers (16/22) 
 тЬУ Generating static pages using 15 workers (22/22) in 2.4s
   Finalizing page optimization ...

Route (app)
тФМ тЧЛ /
тФЬ тЧЛ /_not-found
тФЬ тЧЛ /analytics
тФЬ ╞Т /api/webhooks/stripe
тФЬ тЧЛ /dashboard
тФЬ тЧЛ /disputes
тФЬ ╞Т /disputes/[id]
тФЬ тЧЛ /disputes/new
тФЬ тЧЛ /forgot-password
тФЬ тЧЛ /help
тФЬ тЧЛ /login
тФЬ ╞Т /offer/[token]
тФЬ тЧЛ /offers
тФЬ тЧЛ /payouts
тФЬ тЧЛ /privacy
тФЬ тЧЛ /profile
тФЬ тЧЛ /register
тФЬ тЧЛ /services
тФЬ тЧЛ /settings
тФЬ тЧЛ /terms
тФЬ тЧЛ /transactions
тФЬ ╞Т /transactions/[id]
тФЬ тЧЛ /transactions/new
тФЬ тЧЛ /trust
тФФ тЧЛ /wallet


╞Т Proxy (Middleware)

тЧЛ  (Static)   prerendered as static content
╞Т  (Dynamic)  server-rendered on demand

